// Jest Snapshot v1, https://goo.gl/fbAQLP

exports[`fetch refs 1`] = `
Array [
  Object {
    "body": Uint8Array [
      99,
      111,
      109,
      109,
      105,
      116,
      32,
      50,
      53,
      48,
      0,
      116,
      114,
      101,
      101,
      32,
      97,
      57,
      51,
      97,
      100,
      97,
      53,
      101,
      52,
      49,
      99,
      57,
      99,
      57,
      55,
      56,
      54,
      50,
      49,
      101,
      101,
      56,
      52,
      56,
      97,
      49,
      57,
      99,
      99,
      53,
      100,
      53,
      52,
      53,
      97,
      99,
      49,
      53,
      55,
      56,
      10,
      112,
      97,
      114,
      101,
      110,
      116,
      32,
      48,
      52,
      56,
      53,
      57,
      57,
      51,
      49,
      100,
      55,
      99,
      98,
      101,
      101,
      53,
      100,
      102,
      102,
      50,
      102,
      48,
      98,
      53,
      98,
      57,
      53,
      98,
      57,
      101,
      50,
      54,
      57,
      51,
      97,
      53,
      50,
      52,
      49,
      100,
      49,
      10,
      97,
      117,
      116,
      104,
      111,
      114,
      32,
      77,
      97,
      114,
      105,
      117,
      115,
      32,
      71,
      117,
      110,
      100,
      101,
      114,
      115,
      101,
      110,
      32,
      60,
      109,
      101,
      64,
      109,
      97,
      114,
      105,
      117,
      115,
      103,
      117,
      110,
      100,
      101,
      114,
      115,
      101,
      110,
      46,
      110,
      101,
      116,
      62,
      32,
      49,
      53,
      48,
      50,
      53,
      54,
      57,
      55,
      48,
      50,
      32,
      43,
      48,
      50,
      48,
      48,
      10,
      99,
      111,
      109,
      109,
      105,
      116,
      116,
      101,
      114,
      32,
      77,
      97,
      114,
      105,
      117,
      115,
      32,
      71,
      117,
      110,
      100,
      101,
      114,
      115,
      101,
      110,
      32,
      60,
      109,
      101,
      64,
      109,
      97,
      114,
      105,
      117,
      115,
      103,
      117,
      110,
      100,
      101,
      114,
      115,
      101,
      110,
      46,
      110,
      101,
      116,
      62,
      32,
      49,
      53,
      48,
      50,
      53,
      54,
      57,
      55,
      48,
      50,
      32,
      43,
      48,
      50,
      48,
      48,
      10,
      10,
      65,
      100,
      100,
      101,
      100,
      32,
      97,
      32,
      115,
      101,
      99,
      111,
      110,
      100,
      32,
      102,
      105,
      108,
      101,
      10,
    ],
    "hash": "3fb4a14c56fbe289d336b3a1cae44518fe736f50",
    "type": "commit",
  },
  Object {
    "body": Uint8Array [
      98,
      108,
      111,
      98,
      32,
      49,
      52,
      0,
      97,
      32,
      115,
      101,
      99,
      111,
      110,
      100,
      32,
      102,
      105,
      108,
      101,
      10,
    ],
    "hash": "4ee305d2ba516e75c231a3b8a033f0a6ff45dd46",
    "type": "blob",
  },
  Object {
    "body": Uint8Array [
      116,
      114,
      101,
      101,
      32,
      55,
      51,
      0,
      49,
      48,
      48,
      54,
      52,
      52,
      32,
      82,
      69,
      65,
      68,
      77,
      69,
      46,
      109,
      100,
      0,
      162,
      33,
      234,
      225,
      213,
      51,
      24,
      54,
      148,
      118,
      157,
      189,
      36,
      90,
      97,
      194,
      81,
      29,
      173,
      116,
      49,
      48,
      48,
      54,
      52,
      52,
      32,
      102,
      105,
      108,
      101,
      46,
      116,
      120,
      116,
      0,
      78,
      227,
      5,
      210,
      186,
      81,
      110,
      117,
      194,
      49,
      163,
      184,
      160,
      51,
      240,
      166,
      255,
      69,
      221,
      70,
    ],
    "hash": "a93ada5e41c9c978621ee848a19cc5d545ac1578",
    "type": "tree",
  },
]
`;

exports[`fetch sha1 refs 1`] = `
Array [
  Object {
    "body": Uint8Array [
      99,
      111,
      109,
      109,
      105,
      116,
      32,
      50,
      55,
      51,
      0,
      116,
      114,
      101,
      101,
      32,
      98,
      98,
      54,
      48,
      100,
      49,
      101,
      102,
      101,
      57,
      99,
      50,
      49,
      49,
      99,
      50,
      98,
      53,
      99,
      99,
      52,
      99,
      97,
      48,
      50,
      49,
      55,
      56,
      55,
      99,
      52,
      99,
      98,
      101,
      49,
      102,
      55,
      53,
      54,
      55,
      10,
      112,
      97,
      114,
      101,
      110,
      116,
      32,
      51,
      57,
      100,
      102,
      53,
      97,
      50,
      97,
      97,
      53,
      48,
      50,
      48,
      54,
      98,
      97,
      56,
      99,
      52,
      57,
      55,
      101,
      97,
      57,
      52,
      101,
      57,
      56,
      101,
      56,
      98,
      48,
      100,
      53,
      56,
      57,
      51,
      55,
      102,
      102,
      10,
      97,
      117,
      116,
      104,
      111,
      114,
      32,
      77,
      97,
      114,
      105,
      117,
      115,
      32,
      71,
      117,
      110,
      100,
      101,
      114,
      115,
      101,
      110,
      32,
      60,
      109,
      101,
      64,
      109,
      97,
      114,
      105,
      117,
      115,
      103,
      117,
      110,
      100,
      101,
      114,
      115,
      101,
      110,
      46,
      110,
      101,
      116,
      62,
      32,
      49,
      53,
      48,
      50,
      56,
      51,
      52,
      48,
      57,
      53,
      32,
      43,
      48,
      50,
      48,
      48,
      10,
      99,
      111,
      109,
      109,
      105,
      116,
      116,
      101,
      114,
      32,
      77,
      97,
      114,
      105,
      117,
      115,
      32,
      71,
      117,
      110,
      100,
      101,
      114,
      115,
      101,
      110,
      32,
      60,
      109,
      101,
      64,
      109,
      97,
      114,
      105,
      117,
      115,
      103,
      117,
      110,
      100,
      101,
      114,
      115,
      101,
      110,
      46,
      110,
      101,
      116,
      62,
      32,
      49,
      53,
      48,
      50,
      56,
      51,
      52,
      48,
      57,
      53,
      32,
      43,
      48,
      50,
      48,
      48,
      10,
      10,
      84,
      104,
      105,
      115,
      32,
      119,
      97,
      115,
      32,
      99,
      111,
      109,
      109,
      105,
      116,
      101,
      100,
      32,
      97,
      110,
      100,
      32,
      112,
      117,
      115,
      104,
      101,
      100,
      32,
      105,
      110,
      32,
      116,
      104,
      101,
      32,
      98,
      114,
      111,
      119,
      115,
      101,
      114,
    ],
    "hash": "a8cf377bea61e300d3d7ab259340358187f103a9",
    "type": "commit",
  },
  Object {
    "body": Uint8Array [
      116,
      114,
      101,
      101,
      32,
      49,
      48,
      51,
      0,
      49,
      48,
      48,
      54,
      52,
      52,
      32,
      82,
      69,
      65,
      68,
      77,
      69,
      46,
      109,
      100,
      0,
      162,
      33,
      234,
      225,
      213,
      51,
      24,
      54,
      148,
      118,
      157,
      189,
      36,
      90,
      97,
      194,
      81,
      29,
      173,
      116,
      49,
      48,
      48,
      54,
      52,
      52,
      32,
      102,
      105,
      108,
      101,
      46,
      116,
      120,
      116,
      0,
      78,
      227,
      5,
      210,
      186,
      81,
      110,
      117,
      194,
      49,
      163,
      184,
      160,
      51,
      240,
      166,
      255,
      69,
      221,
      70,
      52,
      48,
      48,
      48,
      48,
      32,
      115,
      114,
      99,
      0,
      96,
      201,
      101,
      107,
      25,
      236,
      149,
      97,
      222,
      218,
      198,
      14,
      251,
      199,
      23,
      154,
      237,
      27,
      177,
      252,
    ],
    "hash": "bb60d1efe9c211c2b5cc4ca021787c4cbe1f7567",
    "type": "tree",
  },
  Object {
    "body": Uint8Array [
      98,
      108,
      111,
      98,
      32,
      57,
      50,
      0,
      35,
      32,
      116,
      101,
      115,
      116,
      45,
      112,
      117,
      108,
      108,
      10,
      117,
      115,
      101,
      100,
      32,
      102,
      111,
      114,
      32,
      116,
      101,
      115,
      116,
      105,
      110,
      103,
      32,
      112,
      117,
      108,
      108,
      10,
      10,
      84,
      104,
      105,
      115,
      32,
      119,
      105,
      108,
      108,
      32,
      98,
      101,
      32,
      116,
      104,
      101,
      32,
      102,
      111,
      117,
      114,
      116,
      104,
      32,
      99,
      111,
      109,
      109,
      105,
      116,
      10,
      84,
      104,
      105,
      115,
      32,
      119,
      97,
      115,
      32,
      112,
      117,
      115,
      104,
      101,
      100,
      32,
      98,
      121,
      32,
      101,
      115,
      45,
      103,
      105,
      116,
      10,
    ],
    "hash": "a221eae1d533183694769dbd245a61c2511dad74",
    "type": "blob",
  },
  Object {
    "body": Uint8Array [
      98,
      108,
      111,
      98,
      32,
      49,
      52,
      0,
      97,
      32,
      115,
      101,
      99,
      111,
      110,
      100,
      32,
      102,
      105,
      108,
      101,
      10,
    ],
    "hash": "4ee305d2ba516e75c231a3b8a033f0a6ff45dd46",
    "type": "blob",
  },
  Object {
    "body": Uint8Array [
      116,
      114,
      101,
      101,
      32,
      55,
      50,
      0,
      49,
      48,
      48,
      54,
      52,
      52,
      32,
      103,
      105,
      116,
      46,
      104,
      116,
      109,
      108,
      0,
      168,
      150,
      249,
      201,
      131,
      163,
      213,
      146,
      251,
      76,
      176,
      224,
      65,
      66,
      146,
      146,
      206,
      115,
      125,
      200,
      49,
      48,
      48,
      54,
      52,
      52,
      32,
      105,
      110,
      100,
      101,
      120,
      46,
      106,
      115,
      0,
      210,
      36,
      239,
      239,
      207,
      52,
      231,
      45,
      30,
      84,
      150,
      188,
      182,
      147,
      203,
      107,
      68,
      157,
      38,
      39,
    ],
    "hash": "60c9656b19ec9561dedac60efbc7179aed1bb1fc",
    "type": "tree",
  },
  Object {
    "body": Uint8Array [
      98,
      108,
      111,
      98,
      32,
      57,
      53,
      0,
      60,
      104,
      116,
      109,
      108,
      62,
      60,
      104,
      101,
      97,
      100,
      62,
      60,
      115,
      99,
      114,
      105,
      112,
      116,
      32,
      115,
      114,
      99,
      61,
      34,
      47,
      103,
      105,
      116,
      46,
      106,
      115,
      34,
      62,
      60,
      47,
      115,
      99,
      114,
      105,
      112,
      116,
      62,
      10,
      32,
      32,
      32,
      32,
      60,
      47,
      104,
      101,
      97,
      100,
      62,
      60,
      98,
      111,
      100,
      121,
      62,
      60,
      104,
      50,
      62,
      103,
      105,
      116,
      32,
      116,
      101,
      115,
      116,
      60,
      47,
      104,
      50,
      62,
      10,
      32,
      32,
      60,
      47,
      98,
      111,
      100,
      121,
      62,
      60,
      47,
      104,
      116,
      109,
      108,
      62,
    ],
    "hash": "a896f9c983a3d592fb4cb0e041429292ce737dc8",
    "type": "blob",
  },
  Object {
    "body": Uint8Array [
      98,
      108,
      111,
      98,
      32,
      49,
      56,
      0,
      99,
      111,
      110,
      115,
      111,
      108,
      101,
      46,
      108,
      111,
      103,
      40,
      104,
      101,
      108,
      108,
      111,
      41,
    ],
    "hash": "d224efefcf34e72d1e5496bcb693cb6b449d2627",
    "type": "blob",
  },
]
`;

exports[`fetch shallow refs 1`] = `
Array [
  Object {
    "body": Uint8Array [
      99,
      111,
      109,
      109,
      105,
      116,
      32,
      50,
      53,
      48,
      0,
      116,
      114,
      101,
      101,
      32,
      97,
      57,
      51,
      97,
      100,
      97,
      53,
      101,
      52,
      49,
      99,
      57,
      99,
      57,
      55,
      56,
      54,
      50,
      49,
      101,
      101,
      56,
      52,
      56,
      97,
      49,
      57,
      99,
      99,
      53,
      100,
      53,
      52,
      53,
      97,
      99,
      49,
      53,
      55,
      56,
      10,
      112,
      97,
      114,
      101,
      110,
      116,
      32,
      48,
      52,
      56,
      53,
      57,
      57,
      51,
      49,
      100,
      55,
      99,
      98,
      101,
      101,
      53,
      100,
      102,
      102,
      50,
      102,
      48,
      98,
      53,
      98,
      57,
      53,
      98,
      57,
      101,
      50,
      54,
      57,
      51,
      97,
      53,
      50,
      52,
      49,
      100,
      49,
      10,
      97,
      117,
      116,
      104,
      111,
      114,
      32,
      77,
      97,
      114,
      105,
      117,
      115,
      32,
      71,
      117,
      110,
      100,
      101,
      114,
      115,
      101,
      110,
      32,
      60,
      109,
      101,
      64,
      109,
      97,
      114,
      105,
      117,
      115,
      103,
      117,
      110,
      100,
      101,
      114,
      115,
      101,
      110,
      46,
      110,
      101,
      116,
      62,
      32,
      49,
      53,
      48,
      50,
      53,
      54,
      57,
      55,
      48,
      50,
      32,
      43,
      48,
      50,
      48,
      48,
      10,
      99,
      111,
      109,
      109,
      105,
      116,
      116,
      101,
      114,
      32,
      77,
      97,
      114,
      105,
      117,
      115,
      32,
      71,
      117,
      110,
      100,
      101,
      114,
      115,
      101,
      110,
      32,
      60,
      109,
      101,
      64,
      109,
      97,
      114,
      105,
      117,
      115,
      103,
      117,
      110,
      100,
      101,
      114,
      115,
      101,
      110,
      46,
      110,
      101,
      116,
      62,
      32,
      49,
      53,
      48,
      50,
      53,
      54,
      57,
      55,
      48,
      50,
      32,
      43,
      48,
      50,
      48,
      48,
      10,
      10,
      65,
      100,
      100,
      101,
      100,
      32,
      97,
      32,
      115,
      101,
      99,
      111,
      110,
      100,
      32,
      102,
      105,
      108,
      101,
      10,
    ],
    "hash": "3fb4a14c56fbe289d336b3a1cae44518fe736f50",
    "type": "commit",
  },
  Object {
    "body": Uint8Array [
      116,
      114,
      101,
      101,
      32,
      55,
      51,
      0,
      49,
      48,
      48,
      54,
      52,
      52,
      32,
      82,
      69,
      65,
      68,
      77,
      69,
      46,
      109,
      100,
      0,
      162,
      33,
      234,
      225,
      213,
      51,
      24,
      54,
      148,
      118,
      157,
      189,
      36,
      90,
      97,
      194,
      81,
      29,
      173,
      116,
      49,
      48,
      48,
      54,
      52,
      52,
      32,
      102,
      105,
      108,
      101,
      46,
      116,
      120,
      116,
      0,
      78,
      227,
      5,
      210,
      186,
      81,
      110,
      117,
      194,
      49,
      163,
      184,
      160,
      51,
      240,
      166,
      255,
      69,
      221,
      70,
    ],
    "hash": "a93ada5e41c9c978621ee848a19cc5d545ac1578",
    "type": "tree",
  },
  Object {
    "body": Uint8Array [
      98,
      108,
      111,
      98,
      32,
      57,
      50,
      0,
      35,
      32,
      116,
      101,
      115,
      116,
      45,
      112,
      117,
      108,
      108,
      10,
      117,
      115,
      101,
      100,
      32,
      102,
      111,
      114,
      32,
      116,
      101,
      115,
      116,
      105,
      110,
      103,
      32,
      112,
      117,
      108,
      108,
      10,
      10,
      84,
      104,
      105,
      115,
      32,
      119,
      105,
      108,
      108,
      32,
      98,
      101,
      32,
      116,
      104,
      101,
      32,
      102,
      111,
      117,
      114,
      116,
      104,
      32,
      99,
      111,
      109,
      109,
      105,
      116,
      10,
      84,
      104,
      105,
      115,
      32,
      119,
      97,
      115,
      32,
      112,
      117,
      115,
      104,
      101,
      100,
      32,
      98,
      121,
      32,
      101,
      115,
      45,
      103,
      105,
      116,
      10,
    ],
    "hash": "a221eae1d533183694769dbd245a61c2511dad74",
    "type": "blob",
  },
  Object {
    "body": Uint8Array [
      98,
      108,
      111,
      98,
      32,
      49,
      52,
      0,
      97,
      32,
      115,
      101,
      99,
      111,
      110,
      100,
      32,
      102,
      105,
      108,
      101,
      10,
    ],
    "hash": "4ee305d2ba516e75c231a3b8a033f0a6ff45dd46",
    "type": "blob",
  },
]
`;

exports[`fetch unshallow refs 1`] = `
Array [
  Object {
    "body": Uint8Array [
      99,
      111,
      109,
      109,
      105,
      116,
      32,
      50,
      53,
      54,
      0,
      116,
      114,
      101,
      101,
      32,
      55,
      102,
      98,
      99,
      55,
      50,
      50,
      53,
      97,
      56,
      57,
      52,
      100,
      99,
      97,
      102,
      53,
      48,
      51,
      57,
      100,
      48,
      55,
      53,
      57,
      55,
      51,
      48,
      52,
      97,
      102,
      99,
      54,
      97,
      102,
      98,
      101,
      102,
      52,
      53,
      10,
      112,
      97,
      114,
      101,
      110,
      116,
      32,
      97,
      53,
      52,
      100,
      56,
      100,
      102,
      49,
      51,
      48,
      51,
      100,
      57,
      100,
      56,
      53,
      53,
      54,
      97,
      53,
      99,
      56,
      98,
      49,
      49,
      100,
      99,
      49,
      56,
      48,
      57,
      50,
      57,
      52,
      56,
      55,
      49,
      53,
      49,
      54,
      10,
      97,
      117,
      116,
      104,
      111,
      114,
      32,
      77,
      97,
      114,
      105,
      117,
      115,
      32,
      71,
      117,
      110,
      100,
      101,
      114,
      115,
      101,
      110,
      32,
      60,
      109,
      101,
      64,
      109,
      97,
      114,
      105,
      117,
      115,
      103,
      117,
      110,
      100,
      101,
      114,
      115,
      101,
      110,
      46,
      110,
      101,
      116,
      62,
      32,
      49,
      53,
      48,
      50,
      53,
      54,
      53,
      52,
      51,
      52,
      32,
      43,
      48,
      50,
      48,
      48,
      10,
      99,
      111,
      109,
      109,
      105,
      116,
      116,
      101,
      114,
      32,
      77,
      97,
      114,
      105,
      117,
      115,
      32,
      71,
      117,
      110,
      100,
      101,
      114,
      115,
      101,
      110,
      32,
      60,
      109,
      101,
      64,
      109,
      97,
      114,
      105,
      117,
      115,
      103,
      117,
      110,
      100,
      101,
      114,
      115,
      101,
      110,
      46,
      110,
      101,
      116,
      62,
      32,
      49,
      53,
      48,
      50,
      53,
      54,
      53,
      52,
      51,
      52,
      32,
      43,
      48,
      50,
      48,
      48,
      10,
      10,
      84,
      104,
      105,
      115,
      32,
      119,
      97,
      115,
      32,
      112,
      117,
      115,
      104,
      101,
      100,
      32,
      98,
      121,
      32,
      101,
      115,
      45,
      103,
      105,
      116,
      10,
    ],
    "hash": "04859931d7cbee5dff2f0b5b95b9e2693a5241d1",
    "type": "commit",
  },
  Object {
    "body": Uint8Array [
      99,
      111,
      109,
      109,
      105,
      116,
      32,
      50,
      52,
      51,
      0,
      116,
      114,
      101,
      101,
      32,
      48,
      53,
      55,
      98,
      100,
      53,
      101,
      52,
      97,
      100,
      50,
      101,
      100,
      100,
      55,
      54,
      56,
      99,
      57,
      98,
      53,
      99,
      97,
      99,
      102,
      48,
      57,
      50,
      100,
      102,
      98,
      51,
      97,
      53,
      55,
      57,
      55,
      98,
      51,
      54,
      10,
      112,
      97,
      114,
      101,
      110,
      116,
      32,
      48,
      56,
      50,
      97,
      49,
      101,
      54,
      48,
      52,
      101,
      53,
      54,
      56,
      102,
      50,
      97,
      56,
      53,
      51,
      98,
      102,
      98,
      98,
      52,
      55,
      50,
      53,
      101,
      102,
      55,
      49,
      99,
      48,
      100,
      99,
      57,
      52,
      50,
      53,
      97,
      10,
      97,
      117,
      116,
      104,
      111,
      114,
      32,
      77,
      97,
      114,
      105,
      117,
      115,
      32,
      71,
      117,
      110,
      100,
      101,
      114,
      115,
      101,
      110,
      32,
      60,
      109,
      101,
      64,
      109,
      97,
      114,
      105,
      117,
      115,
      103,
      117,
      110,
      100,
      101,
      114,
      115,
      101,
      110,
      46,
      110,
      101,
      116,
      62,
      32,
      49,
      53,
      48,
      50,
      53,
      54,
      53,
      48,
      52,
      48,
      32,
      43,
      48,
      50,
      48,
      48,
      10,
      99,
      111,
      109,
      109,
      105,
      116,
      116,
      101,
      114,
      32,
      77,
      97,
      114,
      105,
      117,
      115,
      32,
      71,
      117,
      110,
      100,
      101,
      114,
      115,
      101,
      110,
      32,
      60,
      109,
      101,
      64,
      109,
      97,
      114,
      105,
      117,
      115,
      103,
      117,
      110,
      100,
      101,
      114,
      115,
      101,
      110,
      46,
      110,
      101,
      116,
      62,
      32,
      49,
      53,
      48,
      50,
      53,
      54,
      53,
      48,
      52,
      48,
      32,
      43,
      48,
      50,
      48,
      48,
      10,
      10,
      116,
      101,
      115,
      116,
      105,
      110,
      103,
      32,
      112,
      117,
      115,
      104,
      10,
    ],
    "hash": "a54d8df1303d9d8556a5c8b11dc1809294871516",
    "type": "commit",
  },
  Object {
    "body": Uint8Array [
      99,
      111,
      109,
      109,
      105,
      116,
      32,
      50,
      51,
      50,
      0,
      116,
      114,
      101,
      101,
      32,
      98,
      55,
      56,
      55,
      56,
      51,
      100,
      97,
      52,
      99,
      51,
      100,
      50,
      97,
      57,
      99,
      49,
      55,
      99,
      52,
      97,
      99,
      97,
      48,
      54,
      53,
      49,
      51,
      48,
      52,
      48,
      98,
      97,
      99,
      48,
      97,
      55,
      55,
      56,
      50,
      10,
      112,
      97,
      114,
      101,
      110,
      116,
      32,
      48,
      50,
      52,
      55,
      54,
      99,
      49,
      52,
      53,
      48,
      100,
      100,
      51,
      55,
      55,
      50,
      100,
      50,
      57,
      49,
      48,
      48,
      56,
      48,
      99,
      48,
      100,
      52,
      53,
      52,
      100,
      102,
      56,
      57,
      56,
      99,
      54,
      55,
      97,
      50,
      10,
      97,
      117,
      116,
      104,
      111,
      114,
      32,
      77,
      97,
      114,
      105,
      117,
      115,
      32,
      71,
      117,
      110,
      100,
      101,
      114,
      115,
      101,
      110,
      32,
      60,
      109,
      101,
      64,
      109,
      97,
      114,
      105,
      117,
      115,
      103,
      117,
      110,
      100,
      101,
      114,
      115,
      101,
      110,
      46,
      110,
      101,
      116,
      62,
      32,
      49,
      53,
      48,
      50,
      48,
      53,
      51,
      53,
      56,
      56,
      32,
      43,
      48,
      50,
      48,
      48,
      10,
      99,
      111,
      109,
      109,
      105,
      116,
      116,
      101,
      114,
      32,
      71,
      105,
      116,
      72,
      117,
      98,
      32,
      60,
      110,
      111,
      114,
      101,
      112,
      108,
      121,
      64,
      103,
      105,
      116,
      104,
      117,
      98,
      46,
      99,
      111,
      109,
      62,
      32,
      49,
      53,
      48,
      50,
      48,
      53,
      51,
      53,
      56,
      56,
      32,
      43,
      48,
      50,
      48,
      48,
      10,
      10,
      84,
      104,
      101,
      32,
      116,
      104,
      105,
      114,
      100,
      32,
      99,
      111,
      109,
      109,
      105,
      116,
    ],
    "hash": "082a1e604e568f2a853bfbb4725ef71c0dc9425a",
    "type": "commit",
  },
  Object {
    "body": Uint8Array [
      99,
      111,
      109,
      109,
      105,
      116,
      32,
      50,
      50,
      57,
      0,
      116,
      114,
      101,
      101,
      32,
      98,
      48,
      48,
      53,
      49,
      51,
      57,
      53,
      54,
      51,
      49,
      99,
      97,
      52,
      52,
      97,
      101,
      51,
      50,
      97,
      57,
      99,
      97,
      49,
      55,
      53,
      56,
      97,
      55,
      100,
      57,
      55,
      100,
      102,
      56,
      49,
      100,
      55,
      97,
      101,
      10,
      112,
      97,
      114,
      101,
      110,
      116,
      32,
      57,
      51,
      49,
      57,
      51,
      53,
      98,
      51,
      100,
      49,
      57,
      54,
      100,
      48,
      51,
      51,
      52,
      98,
      99,
      49,
      52,
      52,
      98,
      50,
      99,
      55,
      57,
      98,
      48,
      97,
      57,
      102,
      50,
      100,
      57,
      55,
      56,
      48,
      52,
      57,
      10,
      97,
      117,
      116,
      104,
      111,
      114,
      32,
      77,
      97,
      114,
      105,
      117,
      115,
      32,
      71,
      117,
      110,
      100,
      101,
      114,
      115,
      101,
      110,
      32,
      60,
      109,
      101,
      64,
      109,
      97,
      114,
      105,
      117,
      115,
      103,
      117,
      110,
      100,
      101,
      114,
      115,
      101,
      110,
      46,
      110,
      101,
      116,
      62,
      32,
      49,
      53,
      48,
      49,
      57,
      53,
      50,
      51,
      49,
      53,
      32,
      43,
      48,
      50,
      48,
      48,
      10,
      99,
      111,
      109,
      109,
      105,
      116,
      116,
      101,
      114,
      32,
      71,
      105,
      116,
      72,
      117,
      98,
      32,
      60,
      110,
      111,
      114,
      101,
      112,
      108,
      121,
      64,
      103,
      105,
      116,
      104,
      117,
      98,
      46,
      99,
      111,
      109,
      62,
      32,
      49,
      53,
      48,
      49,
      57,
      53,
      50,
      51,
      49,
      53,
      32,
      43,
      48,
      50,
      48,
      48,
      10,
      10,
      83,
      101,
      99,
      111,
      110,
      100,
      32,
      99,
      111,
      109,
      109,
      105,
      116,
    ],
    "hash": "02476c1450dd3772d2910080c0d454df898c67a2",
    "type": "commit",
  },
  Object {
    "body": Uint8Array [
      99,
      111,
      109,
      109,
      105,
      116,
      32,
      49,
      57,
      54,
      0,
      116,
      114,
      101,
      101,
      32,
      99,
      54,
      56,
      102,
      55,
      99,
      100,
      52,
      50,
      49,
      54,
      99,
      49,
      55,
      57,
      99,
      101,
      48,
      100,
      97,
      57,
      55,
      97,
      50,
      97,
      49,
      98,
      53,
      54,
      48,
      49,
      51,
      50,
      101,
      55,
      100,
      54,
      49,
      55,
      52,
      10,
      97,
      117,
      116,
      104,
      111,
      114,
      32,
      77,
      97,
      114,
      105,
      117,
      115,
      32,
      71,
      117,
      110,
      100,
      101,
      114,
      115,
      101,
      110,
      32,
      60,
      109,
      101,
      64,
      109,
      97,
      114,
      105,
      117,
      115,
      103,
      117,
      110,
      100,
      101,
      114,
      115,
      101,
      110,
      46,
      110,
      101,
      116,
      62,
      32,
      49,
      53,
      48,
      49,
      57,
      53,
      50,
      49,
      56,
      53,
      32,
      43,
      48,
      50,
      48,
      48,
      10,
      99,
      111,
      109,
      109,
      105,
      116,
      116,
      101,
      114,
      32,
      77,
      97,
      114,
      105,
      117,
      115,
      32,
      71,
      117,
      110,
      100,
      101,
      114,
      115,
      101,
      110,
      32,
      60,
      109,
      101,
      64,
      109,
      97,
      114,
      105,
      117,
      115,
      103,
      117,
      110,
      100,
      101,
      114,
      115,
      101,
      110,
      46,
      110,
      101,
      116,
      62,
      32,
      49,
      53,
      48,
      49,
      57,
      53,
      50,
      49,
      56,
      53,
      32,
      43,
      48,
      50,
      48,
      48,
      10,
      10,
      73,
      110,
      105,
      116,
      105,
      97,
      108,
      32,
      99,
      111,
      109,
      109,
      105,
      116,
    ],
    "hash": "931935b3d196d0334bc144b2c79b0a9f2d978049",
    "type": "commit",
  },
  Object {
    "body": Uint8Array [
      116,
      114,
      101,
      101,
      32,
      51,
      55,
      0,
      49,
      48,
      48,
      54,
      52,
      52,
      32,
      82,
      69,
      65,
      68,
      77,
      69,
      46,
      109,
      100,
      0,
      162,
      33,
      234,
      225,
      213,
      51,
      24,
      54,
      148,
      118,
      157,
      189,
      36,
      90,
      97,
      194,
      81,
      29,
      173,
      116,
    ],
    "hash": "7fbc7225a894dcaf5039d07597304afc6afbef45",
    "type": "tree",
  },
  Object {
    "body": Uint8Array [
      98,
      108,
      111,
      98,
      32,
      57,
      50,
      0,
      35,
      32,
      116,
      101,
      115,
      116,
      45,
      112,
      117,
      108,
      108,
      10,
      117,
      115,
      101,
      100,
      32,
      102,
      111,
      114,
      32,
      116,
      101,
      115,
      116,
      105,
      110,
      103,
      32,
      112,
      117,
      108,
      108,
      10,
      10,
      84,
      104,
      105,
      115,
      32,
      119,
      105,
      108,
      108,
      32,
      98,
      101,
      32,
      116,
      104,
      101,
      32,
      102,
      111,
      117,
      114,
      116,
      104,
      32,
      99,
      111,
      109,
      109,
      105,
      116,
      10,
      84,
      104,
      105,
      115,
      32,
      119,
      97,
      115,
      32,
      112,
      117,
      115,
      104,
      101,
      100,
      32,
      98,
      121,
      32,
      101,
      115,
      45,
      103,
      105,
      116,
      10,
    ],
    "hash": "a221eae1d533183694769dbd245a61c2511dad74",
    "type": "blob",
  },
  Object {
    "body": Uint8Array [
      116,
      114,
      101,
      101,
      32,
      51,
      55,
      0,
      49,
      48,
      48,
      54,
      52,
      52,
      32,
      82,
      69,
      65,
      68,
      77,
      69,
      46,
      109,
      100,
      0,
      95,
      225,
      230,
      87,
      230,
      38,
      241,
      199,
      9,
      208,
      26,
      35,
      213,
      162,
      220,
      158,
      112,
      46,
      148,
      27,
    ],
    "hash": "057bd5e4ad2edd768c9b5cacf092dfb3a5797b36",
    "type": "tree",
  },
  Object {
    "body": Uint8Array [
      98,
      108,
      111,
      98,
      32,
      54,
      54,
      0,
      35,
      32,
      116,
      101,
      115,
      116,
      45,
      112,
      117,
      108,
      108,
      10,
      117,
      115,
      101,
      100,
      32,
      102,
      111,
      114,
      32,
      116,
      101,
      115,
      116,
      105,
      110,
      103,
      32,
      112,
      117,
      108,
      108,
      10,
      10,
      84,
      104,
      105,
      115,
      32,
      119,
      105,
      108,
      108,
      32,
      98,
      101,
      32,
      116,
      104,
      101,
      32,
      102,
      111,
      117,
      114,
      116,
      104,
      32,
      99,
      111,
      109,
      109,
      105,
      116,
      10,
    ],
    "hash": "5fe1e657e626f1c709d01a23d5a2dc9e702e941b",
    "type": "blob",
  },
  Object {
    "body": Uint8Array [
      116,
      114,
      101,
      101,
      32,
      51,
      55,
      0,
      49,
      48,
      48,
      54,
      52,
      52,
      32,
      82,
      69,
      65,
      68,
      77,
      69,
      46,
      109,
      100,
      0,
      161,
      26,
      130,
      170,
      207,
      65,
      126,
      8,
      9,
      204,
      206,
      110,
      241,
      228,
      89,
      37,
      166,
      37,
      28,
      7,
    ],
    "hash": "b78783da4c3d2a9c17c4aca06513040bac0a7782",
    "type": "tree",
  },
  Object {
    "body": Uint8Array [
      98,
      108,
      111,
      98,
      32,
      54,
      53,
      0,
      35,
      32,
      116,
      101,
      115,
      116,
      45,
      112,
      117,
      108,
      108,
      10,
      117,
      115,
      101,
      100,
      32,
      102,
      111,
      114,
      32,
      116,
      101,
      115,
      116,
      105,
      110,
      103,
      32,
      112,
      117,
      108,
      108,
      10,
      10,
      84,
      104,
      105,
      115,
      32,
      119,
      105,
      108,
      108,
      32,
      98,
      101,
      32,
      116,
      104,
      101,
      32,
      116,
      104,
      105,
      114,
      100,
      32,
      99,
      111,
      109,
      109,
      105,
      116,
      10,
    ],
    "hash": "a11a82aacf417e0809ccce6ef1e45925a6251c07",
    "type": "blob",
  },
  Object {
    "body": Uint8Array [
      116,
      114,
      101,
      101,
      32,
      51,
      55,
      0,
      49,
      48,
      48,
      54,
      52,
      52,
      32,
      82,
      69,
      65,
      68,
      77,
      69,
      46,
      109,
      100,
      0,
      149,
      81,
      236,
      216,
      206,
      21,
      80,
      183,
      251,
      42,
      10,
      140,
      65,
      118,
      206,
      194,
      80,
      127,
      76,
      195,
    ],
    "hash": "b0051395631ca44ae32a9ca1758a7d97df81d7ae",
    "type": "tree",
  },
  Object {
    "body": Uint8Array [
      98,
      108,
      111,
      98,
      32,
      54,
      54,
      0,
      35,
      32,
      116,
      101,
      115,
      116,
      45,
      112,
      117,
      108,
      108,
      10,
      117,
      115,
      101,
      100,
      32,
      102,
      111,
      114,
      32,
      116,
      101,
      115,
      116,
      105,
      110,
      103,
      32,
      112,
      117,
      108,
      108,
      10,
      10,
      84,
      104,
      105,
      115,
      32,
      119,
      105,
      108,
      108,
      32,
      98,
      101,
      32,
      116,
      104,
      101,
      32,
      115,
      101,
      99,
      111,
      110,
      100,
      32,
      99,
      111,
      109,
      109,
      105,
      116,
      10,
    ],
    "hash": "9551ecd8ce1550b7fb2a0a8c4176cec2507f4cc3",
    "type": "blob",
  },
  Object {
    "body": Uint8Array [
      116,
      114,
      101,
      101,
      32,
      51,
      55,
      0,
      49,
      48,
      48,
      54,
      52,
      52,
      32,
      82,
      69,
      65,
      68,
      77,
      69,
      46,
      109,
      100,
      0,
      217,
      246,
      231,
      168,
      151,
      212,
      145,
      200,
      214,
      113,
      243,
      82,
      201,
      112,
      24,
      234,
      228,
      52,
      30,
      7,
    ],
    "hash": "c68f7cd4216c179ce0da97a2a1b560132e7d6174",
    "type": "tree",
  },
  Object {
    "body": Uint8Array [
      98,
      108,
      111,
      98,
      32,
      51,
      52,
      0,
      35,
      32,
      116,
      101,
      115,
      116,
      45,
      112,
      117,
      108,
      108,
      10,
      117,
      115,
      101,
      100,
      32,
      102,
      111,
      114,
      32,
      116,
      101,
      115,
      116,
      105,
      110,
      103,
      32,
      112,
      117,
      108,
      108,
      10,
    ],
    "hash": "d9f6e7a897d491c8d671f352c97018eae4341e07",
    "type": "blob",
  },
]
`;
