// Jest Snapshot v1, https://goo.gl/fbAQLP

exports[`parse side-band-64 1`] = `
"Counting objects: 45, done.
Compressing objects:  11% (1/9)   
Compressing objects:  22% (2/9)   
Compressing objects:  33% (3/9)   
Compressing objects:  44% (4/9)   
Compressing objects:  55% (5/9)   
Compressing objects:  66% (6/9)   
Compressing objects:  77% (7/9)   
Compressing objects:  88% (8/9)   
Compressing objects: 100% (9/9)   
Compressing objects: 100% (9/9), done.
Total 45 (delta 2), reused 7 (delta 0), pack-reused 36
"
`;
